// Jest Snapshot v1, https://goo.gl/fbAQLP

exports[`<ButtonActionRound /> renders correctly 1`] = `
<View
  accessible={true}
  hitSlop={
    Object {
      "bottom": 5,
      "left": 5,
      "right": 5,
      "top": 5,
    }
  }
  isTVSelectable={true}
  onResponderGrant={[Function]}
  onResponderMove={[Function]}
  onResponderRelease={[Function]}
  onResponderTerminate={[Function]}
  onResponderTerminationRequest={[Function]}
  onStartShouldSetResponder={[Function]}
  style={
    Object {
      "left": 32.14285714285714,
      "opacity": 1,
      "position": "absolute",
      "top": 49.04411764705882,
      "zIndex": 10,
    }
  }
>
  <Text
    allowFontScaling={false}
    style={
      Array [
        Object {
          "color": undefined,
          "fontSize": 12,
        },
        Array [
          Object {
            "color": "#fff",
            "fontSize": 24.57142857142857,
          },
          Object {},
        ],
        Object {
          "fontFamily": "FontAwesome",
          "fontStyle": "normal",
          "fontWeight": "normal",
        },
      ]
    }
  >
    
  </Text>
</View>
`;

exports[`<ButtonBack /> renders correctly 1`] = `
<View
  accessible={true}
  hitSlop={
    Object {
      "bottom": 5,
      "left": 5,
      "right": 5,
      "top": 5,
    }
  }
  isTVSelectable={true}
  onResponderGrant={[Function]}
  onResponderMove={[Function]}
  onResponderRelease={[Function]}
  onResponderTerminate={[Function]}
  onResponderTerminationRequest={[Function]}
  onStartShouldSetResponder={[Function]}
  style={
    Object {
      "left": 32.14285714285714,
      "opacity": 1,
      "position": "absolute",
      "top": 49.04411764705882,
      "zIndex": 10,
    }
  }
>
  <Text
    allowFontScaling={false}
    style={
      Array [
        Object {
          "color": undefined,
          "fontSize": 12,
        },
        Array [
          Object {
            "color": "#fff",
            "fontSize": 24.57142857142857,
          },
          Object {},
        ],
        Object {
          "fontFamily": "FontAwesome",
          "fontStyle": "normal",
          "fontWeight": "normal",
        },
      ]
    }
  >
    
  </Text>
</View>
`;
